[www.beingeorge.com/efron/index.html]
[backblue.gif]
[fade.gif]
[index.html]
[www.beingeorge.com/efron/assets/images/favicon.png]
[www.beingeorge.com/efron/assets/bootstrap/css/bootstrap.min.css]
[www.beingeorge.com/efron/assets/css/fontawesome.min.css]
[www.beingeorge.com/efron/assets/css/swiper.min.css]
[www.beingeorge.com/efron/assets/css/photoswipe.min.css]
[www.beingeorge.com/efron/assets/css/default-skin.min.css]
[www.beingeorge.com/efron/assets/css/smooth-scrollbar.css]
[www.beingeorge.com/efron/assets/css/Efron.css]
[www.beingeorge.com/efron/assets/images/banner.jpg]
[www.beingeorge.com/efron/assets/images/p4-4.jpg]
[www.beingeorge.com/efron/assets/images/p5-5.jpg]
[www.beingeorge.com/efron/assets/images/p1-1.jpg]
[www.beingeorge.com/efron/assets/images/p3-3.jpg]
[www.beingeorge.com/efron/assets/images/p2-2.jpg]
[www.beingeorge.com/efron/assets/images/p6-6.jpg]
[www.beingeorge.com/efron/assets/images/p7-7.jpg]
[www.beingeorge.com/efron/assets/images/p8-8.jpg]
[www.beingeorge.com/efron/assets/images/p9-9.jpg]
[www.beingeorge.com/efron/assets/images/avatar1.jpg]
[www.beingeorge.com/efron/assets/js/jquery.js]
[www.beingeorge.com/efron/assets/js/tweenmax.min.js]
[www.beingeorge.com/efron/assets/bootstrap/js/popper.js]
[www.beingeorge.com/efron/assets/bootstrap/js/bootstrap.min.js]
[www.beingeorge.com/efron/assets/js/smooth-scrollbar.js]
[www.beingeorge.com/efron/assets/js/swiper.min.js]
[www.beingeorge.com/efron/assets/js/typed.js]
[www.beingeorge.com/efron/assets/js/parallax.min.js]
[www.beingeorge.com/efron/assets/js/photoswipe.min.js]
[www.beingeorge.com/efron/assets/js/photoswipe-ui-default.min.js]
[www.beingeorge.com/efron/assets/js/pswp.js]
[www.beingeorge.com/efron/assets/js/imagesloaded.pkgd.js]
[www.beingeorge.com/efron/assets/js/jquery.shuffle.min.js]
[www.beingeorge.com/efron/assets/js/custom-shuffle-init.js]
[www.beingeorge.com/efron/index.html]
[www.beingeorge.com/efron/assets/js/custom.js]
[www.beingeorge.com/efron/assets/bootstrap/css/bootstrap.min.css]
[www.beingeorge.com/efron/assets/webfonts/fa-brands-400.eot]
[www.beingeorge.com/efron/assets/webfonts/fa-brands-400d41d.eot]
[www.beingeorge.com/efron/assets/webfonts/fa-brands-400.woff2]
[www.beingeorge.com/efron/assets/webfonts/fa-brands-400.ttf]
[www.beingeorge.com/efron/assets/webfonts/fa-regular-400.eot]
[www.beingeorge.com/efron/assets/webfonts/fa-regular-400d41d.eot]
[www.beingeorge.com/efron/assets/webfonts/fa-regular-400.woff2]
[www.beingeorge.com/efron/assets/webfonts/fa-regular-400.woff]
[www.beingeorge.com/efron/assets/webfonts/fa-regular-400.ttf]
[www.beingeorge.com/efron/assets/webfonts/fa-solid-900.eot]
[www.beingeorge.com/efron/assets/webfonts/fa-regular-400.svg]
[www.beingeorge.com/efron/assets/webfonts/fa-solid-900d41d.eot]
[www.beingeorge.com/efron/assets/webfonts/fa-solid-900.woff2]
[www.beingeorge.com/efron/assets/webfonts/fa-solid-900.woff]
[www.beingeorge.com/efron/assets/webfonts/fa-solid-900.ttf]
[www.beingeorge.com/efron/assets/css/fontawesome.min.css]
[www.beingeorge.com/efron/assets/css/swiper.min.css]
[www.beingeorge.com/efron/assets/css/photoswipe.min.css]
[www.beingeorge.com/efron/assets/webfonts/fa-solid-900.svg]
[www.beingeorge.com/efron/assets/images/default-skin/default-skin.png]
[www.beingeorge.com/efron/assets/images/default-skin/default-skin.svg]
[www.beingeorge.com/efron/assets/css/preloader.gif]
[www.beingeorge.com/efron/assets/css/default-skin.min.css]
[www.beingeorge.com/efron/assets/css/smooth-scrollbar.css]
[www.beingeorge.com/efron/assets/css/Efron.css]
[www.beingeorge.com/efron/assets/css/custom.css]
[www.beingeorge.com/efron/assets/js/jquery.js]
[www.beingeorge.com/efron/assets/js/tweenmax.min.js]
[www.beingeorge.com/efron/assets/bootstrap/js/popper.js]
[www.beingeorge.com/efron/Version/index.html]
[www.beingeorge.com/efron/popper.js]
[www.beingeorge.com/efron/assets/bootstrap/js/bootstrap.min.js]
[www.beingeorge.com/efron/assets/js/smooth-scrollbar.js]
[www.beingeorge.com/efron/assets/js/swiper.min.js]
[www.beingeorge.com/efron/assets/js/typed.js]
[www.beingeorge.com/efron/assets/js/parallax.min.js]
[www.beingeorge.com/efron/assets/js/photoswipe.min.js]
[www.beingeorge.com/efron/assets/js/photoswipe-ui-default.min.js]
[www.beingeorge.com/efron/assets/js/pswp.js]
[www.beingeorge.com/efron/assets/js/imagesloaded.pkgd.js]
[www.beingeorge.com/efron/assets/js/jquery.shuffle.min.js]
[www.beingeorge.com/efron/assets/js/custom-shuffle-init.js]
[www.beingeorge.com/efron/assets/js/custom.js]
[www.beingeorge.com/efron/assets/webfonts/fa-regular-400.svg]
[www.beingeorge.com/efron/version/index-2.html]
[www.beingeorge.com/efron/assets/webfonts/fa-brands-400.woff]
[www.beingeorge.com/efron/assets/webfonts/fa-solid-900.svg]
[www.beingeorge.com/efron/assets/images/default-skin/default-skin.svg]
[www.beingeorge.com/efron/assets/css/preloader.html]
[www.beingeorge.com/efron/Version/index.html]
[www.beingeorge.com/efron/popper.html]
[www.beingeorge.com/efron/version/index-2.html]
[www.beingeorge.com/efron/assets/webfonts/fa-brands-400.svg]
[www.beingeorge.com/efron/assets/webfonts/fa-brands-400.svg]
